../Core/Src/main.c:101:6:get_time	8	static
../Core/Src/main.c:106:6:HAL_ADC_ConvCpltCallback	24	static
../Core/Src/main.c:112:6:save_data_to_csv	368	static
../Core/Src/main.c:144:6:HAL_CAN_RxFifo0MsgPendingCallback	16	static
../Core/Src/main.c:156:6:HAL_TIM_PeriodElapsedCallback	16	static
../Core/Src/main.c:283:5:main	8	static
../Core/Src/main.c:358:6:SystemClock_Config	88	static
../Core/Src/main.c:402:13:MX_ADC1_Init	24	static
../Core/Src/main.c:530:13:MX_CAN_Init	48	static
../Core/Src/main.c:580:13:MX_I2C1_Init	8	static
../Core/Src/main.c:614:13:MX_SPI2_Init	8	static
../Core/Src/main.c:652:13:MX_TIM2_Init	32	static
../Core/Src/main.c:697:13:MX_TIM3_Init	32	static
../Core/Src/main.c:740:13:MX_DMA_Init	16	static
../Core/Src/main.c:758:13:MX_GPIO_Init	40	static
../Core/Src/main.c:811:6:Error_Handler	8	static,ignoring_inline_asm
