../Core/Src/main.c:78:6:HAL_ADC_ConvCpltCallback	24	static
../Core/Src/main.c:84:6:save_data_to_csv	152	static
../Core/Src/main.c:112:6:HAL_TIM_PeriodElapsedCallback	16	static
../Core/Src/main.c:142:5:main	8	static
../Core/Src/main.c:204:6:SystemClock_Config	88	static
../Core/Src/main.c:248:13:MX_ADC1_Init	24	static
../Core/Src/main.c:394:13:MX_SPI2_Init	8	static
../Core/Src/main.c:432:13:MX_TIM2_Init	32	static
../Core/Src/main.c:477:13:MX_TIM3_Init	32	static
../Core/Src/main.c:520:13:MX_DMA_Init	16	static
../Core/Src/main.c:538:13:MX_GPIO_Init	40	static
../Core/Src/main.c:581:6:Error_Handler	8	static,ignoring_inline_asm
